[srcreigh.github.io/blog/index.html]
[backblue.gif]
[fade.gif]
[index.html]
[srcreigh.github.io/blog/posts/preparing-for-uw-coop-part-one/index.html]
[srcreigh.github.io/blog/posts/modular-uiviewcontroller-features/index.html]
[srcreigh.github.io/blog/posts/8tracks-meet-mpd-mpd-meet-8tracks/index.html]
[srcreigh.github.io/blog/posts/bitbucket-my-love/index.html]
[srcreigh.github.io/blog/posts/write-a-function-coop-coop-copo-cpoo-ocop/index.html]
[srcreigh.github.io/blog/index.html]
[srcreigh.github.io/blog/posts/preparing-for-uw-coop-part-one/www.linuxmint.com]
[srcreigh.github.io/blog/posts/setting-up-xmobar-on-xmonad/index.html]
[srcreigh.github.io/blog/posts/preparing-for-uw-coop-part-one/fedoraproject.org]
[srcreigh.github.io/blog/posts/preparing-for-uw-coop-part-one/www.ubuntu.com/index.html]
[srcreigh.github.io/blog/posts/preparing-for-uw-coop-part-one/index.html]
[srcreigh.github.io/blog/posts/modular-uiviewcontroller-features/index.html]
[srcreigh.github.io/blog/posts/8tracks-meet-mpd-mpd-meet-8tracks/index.html]
[srcreigh.github.io/blog/posts/bitbucket-my-love/index.html]
[srcreigh.github.io/blog/posts/write-a-function-coop-coop-copo-cpoo-ocop/index.html]
[srcreigh.github.io/blog/posts/setting-up-xmobar-on-xmonad/index.html]
[srcreigh.github.io/blog/posts/preparing-for-uw-coop-part-one/www.ubuntu.com/index.html]
[srcreigh.github.io/blog/posts/preparing-for-uw-coop-part-one/www.linuxmint.html]
[srcreigh.github.io/blog/posts/preparing-for-uw-coop-part-one/fedoraproject.html]
